device=cpu  args={'data': 'synthetic', 'train_csv': None, 'val_csv': None, 'test_csv': None, 'img_root': '', 'col_image': 'image', 'col_text': 'text', 'col_label': 'label', 'img_size': 64, 'max_len': 64, 'min_freq': 2, 'max_vocab': 30000, 'num_classes': 6, 'syn_train_n': 2400, 'syn_val_n': 600, 'syn_text_p': 0.7, 'syn_img_p': 0.7, 'syn_img_noise': 1.0, 'syn_synonyms': 1, 'image_encoder': 'smallcnn', 'pretrained_image': False, 'text_encoder': 'transformer', 'hf_model': 'distilbert-base-uncased', 'freeze_hf': False, 'text_dim': 256, 'text_layers': 2, 'head': 'linear', 'only': 'none', 'modulation': 'none', 'q_base': 0.5, 'lam': 0.5, 'alpha': 0.5, 'no_ge': False, 'ge_scope': 'all', 'z': 'tanh', 'score_mode': 'auto', 'mod_start': 0, 'mod_end': 1000000000, 'epochs': 15, 'batch_size': 32, 'optimizer': 'sgd', 'lr': 0.01, 'lr_text': None, 'momentum': 0.9, 'weight_decay': 0.0001, 'sched': 'cos', 'lr_step': 30, 'lr_gamma': 0.1, 'grad_clip': None, 'amp': False, 'num_workers': 0, 'seed': 2, 'device': 'auto', 'out_dir': 'runs/sweep_s2_none', 'log_interval': 0, 'probe': False, 'eval_every': 1}
classes=6 vocab=400 train_batches=75 val_batches=19
/home/user/DL_project/balanced_mm/bml/models.py:74: UserWarning: enable_nested_tensor is True, but self.use_nested_tensor is False because encoder_layer.norm_first was True
  self.enc = nn.TransformerEncoder(layer, num_layers)
model params: image=241,184 text=1,288,192 head=2,310
[ep 000] train loss=1.6694 acc=0.3100 | rho_image=1.00 rho_text=1.01 | k_image=1.00 q_image=0.00 k_text=1.00 q_text=0.00 || val acc=0.5383 uni_image=0.4833 uni_text=0.5500 | 27s
[ep 001] train loss=0.8252 acc=0.7688 | rho_image=1.53 rho_text=0.66 | k_image=1.00 q_image=0.00 k_text=1.00 q_text=0.00 || val acc=0.8233 uni_image=0.7000 uni_text=0.6350 | 25s
[ep 002] train loss=0.4535 acc=0.8817 | rho_image=1.51 rho_text=0.67 | k_image=1.00 q_image=0.00 k_text=1.00 q_text=0.00 || val acc=0.8567 uni_image=0.7267 uni_text=0.6767 | 27s
[ep 003] train loss=0.2797 acc=0.9304 | rho_image=1.27 rho_text=0.80 | k_image=1.00 q_image=0.00 k_text=1.00 q_text=0.00 || val acc=0.7167 uni_image=0.5167 uni_text=0.7133 | 26s
[ep 004] train loss=0.1563 acc=0.9692 | rho_image=1.15 rho_text=0.89 | k_image=1.00 q_image=0.00 k_text=1.00 q_text=0.00 || val acc=0.7817 uni_image=0.5867 uni_text=0.7333 | 25s
[ep 005] train loss=0.0731 acc=0.9900 | rho_image=1.13 rho_text=0.90 | k_image=1.00 q_image=0.00 k_text=1.00 q_text=0.00 || val acc=0.6967 uni_image=0.4650 uni_text=0.7300 | 25s
[ep 006] train loss=0.0384 acc=0.9988 | rho_image=1.13 rho_text=0.90 | k_image=1.00 q_image=0.00 k_text=1.00 q_text=0.00 || val acc=0.8133 uni_image=0.4833 uni_text=0.7333 | 26s
[ep 007] train loss=0.0181 acc=0.9996 | rho_image=1.15 rho_text=0.88 | k_image=1.00 q_image=0.00 k_text=1.00 q_text=0.00 || val acc=0.7933 uni_image=0.6033 uni_text=0.7317 | 26s
[ep 008] train loss=0.0138 acc=1.0000 | rho_image=1.16 rho_text=0.87 | k_image=1.00 q_image=0.00 k_text=1.00 q_text=0.00 || val acc=0.7750 uni_image=0.5783 uni_text=0.7300 | 26s
[ep 009] train loss=0.0111 acc=1.0000 | rho_image=1.16 rho_text=0.87 | k_image=1.00 q_image=0.00 k_text=1.00 q_text=0.00 || val acc=0.8550 uni_image=0.7117 uni_text=0.7283 | 27s
[ep 010] train loss=0.0096 acc=1.0000 | rho_image=1.17 rho_text=0.87 | k_image=1.00 q_image=0.00 k_text=1.00 q_text=0.00 || val acc=0.8567 uni_image=0.6900 uni_text=0.7283 | 26s
[ep 011] train loss=0.0085 acc=1.0000 | rho_image=1.17 rho_text=0.86 | k_image=1.00 q_image=0.00 k_text=1.00 q_text=0.00 || val acc=0.8550 uni_image=0.6967 uni_text=0.7267 | 28s
[ep 012] train loss=0.0079 acc=1.0000 | rho_image=1.16 rho_text=0.87 | k_image=1.00 q_image=0.00 k_text=1.00 q_text=0.00 || val acc=0.8600 uni_image=0.6967 uni_text=0.7250 | 35s
[ep 013] train loss=0.0074 acc=1.0000 | rho_image=1.17 rho_text=0.86 | k_image=1.00 q_image=0.00 k_text=1.00 q_text=0.00 || val acc=0.8567 uni_image=0.6950 uni_text=0.7267 | 25s
[ep 014] train loss=0.0075 acc=1.0000 | rho_image=1.17 rho_text=0.87 | k_image=1.00 q_image=0.00 k_text=1.00 q_text=0.00 || val acc=0.8550 uni_image=0.6950 uni_text=0.7267 | 25s
best val acc=0.8600 @ epoch 12
