device=cpu  args={'data': 'synthetic', 'train_csv': None, 'val_csv': None, 'test_csv': None, 'img_root': '', 'col_image': 'image', 'col_text': 'text', 'col_label': 'label', 'img_size': 64, 'max_len': 64, 'min_freq': 2, 'max_vocab': 30000, 'num_classes': 6, 'syn_train_n': 2400, 'syn_val_n': 600, 'syn_text_p': 0.7, 'syn_img_p': 0.7, 'syn_img_noise': 1.0, 'syn_synonyms': 1, 'image_encoder': 'smallcnn', 'pretrained_image': False, 'text_encoder': 'transformer', 'hf_model': 'distilbert-base-uncased', 'freeze_hf': False, 'text_dim': 256, 'text_layers': 2, 'head': 'linear', 'only': 'none', 'modulation': 'both', 'q_base': 0.5, 'lam': 0.5, 'alpha': 0.5, 'no_ge': False, 'ge_scope': 'all', 'z': 'tanh', 'score_mode': 'auto', 'mod_start': 0, 'mod_end': 1000000000, 'epochs': 15, 'batch_size': 32, 'optimizer': 'sgd', 'lr': 0.01, 'lr_text': None, 'momentum': 0.9, 'weight_decay': 0.0001, 'sched': 'cos', 'lr_step': 30, 'lr_gamma': 0.1, 'grad_clip': None, 'amp': False, 'num_workers': 0, 'seed': 1, 'device': 'auto', 'out_dir': 'runs/sweep_s1_both', 'log_interval': 0, 'probe': False, 'eval_every': 1}
classes=6 vocab=400 train_batches=75 val_batches=19
/home/user/DL_project/balanced_mm/bml/models.py:74: UserWarning: enable_nested_tensor is True, but self.use_nested_tensor is False because encoder_layer.norm_first was True
  self.enc = nn.TransformerEncoder(layer, num_layers)
model params: image=241,184 text=1,288,192 head=2,310
[ep 000] train loss=1.7518 acc=0.2558 | rho_image=1.02 rho_text=0.98 | k_image=0.98 q_image=0.27 k_text=0.99 q_text=0.25 || val acc=0.1967 uni_image=0.1867 uni_text=0.4833 | 28s
[ep 001] train loss=1.3053 acc=0.6229 | rho_image=1.27 rho_text=0.80 | k_image=0.87 q_image=0.56 k_text=1.00 q_text=0.01 || val acc=0.8017 uni_image=0.7267 uni_text=0.6217 | 40s
[ep 002] train loss=0.8581 acc=0.7679 | rho_image=1.11 rho_text=0.91 | k_image=0.94 q_image=0.42 k_text=0.99 q_text=0.11 || val acc=0.8233 uni_image=0.5833 uni_text=0.7400 | 45s
[ep 003] train loss=0.5848 acc=0.8258 | rho_image=0.96 rho_text=1.06 | k_image=0.98 q_image=0.19 k_text=0.96 q_text=0.33 || val acc=0.8983 uni_image=0.6750 uni_text=0.7533 | 45s
[ep 004] train loss=0.4940 acc=0.8387 | rho_image=0.97 rho_text=1.04 | k_image=0.99 q_image=0.21 k_text=0.97 q_text=0.32 || val acc=0.7783 uni_image=0.3667 uni_text=0.7500 | 30s
[ep 005] train loss=0.3995 acc=0.8688 | rho_image=0.98 rho_text=1.03 | k_image=0.98 q_image=0.21 k_text=0.97 q_text=0.32 || val acc=0.7033 uni_image=0.4117 uni_text=0.7450 | 27s
[ep 006] train loss=0.3510 acc=0.8800 | rho_image=1.00 rho_text=1.01 | k_image=0.98 q_image=0.25 k_text=0.97 q_text=0.27 || val acc=0.7600 uni_image=0.4350 uni_text=0.7433 | 27s
[ep 007] train loss=0.3282 acc=0.8896 | rho_image=1.03 rho_text=0.98 | k_image=0.96 q_image=0.32 k_text=0.98 q_text=0.20 || val acc=0.8283 uni_image=0.5417 uni_text=0.7467 | 28s
[ep 008] train loss=0.2826 acc=0.9038 | rho_image=1.08 rho_text=0.94 | k_image=0.95 q_image=0.39 k_text=0.99 q_text=0.14 || val acc=0.8783 uni_image=0.5733 uni_text=0.7450 | 27s
[ep 009] train loss=0.2902 acc=0.8967 | rho_image=1.08 rho_text=0.93 | k_image=0.95 q_image=0.40 k_text=0.99 q_text=0.12 || val acc=0.9317 uni_image=0.7283 uni_text=0.7483 | 27s
[ep 010] train loss=0.2860 acc=0.8979 | rho_image=1.10 rho_text=0.92 | k_image=0.95 q_image=0.44 k_text=0.99 q_text=0.09 || val acc=0.9150 uni_image=0.6900 uni_text=0.7483 | 28s
[ep 011] train loss=0.2555 acc=0.9100 | rho_image=1.10 rho_text=0.92 | k_image=0.94 q_image=0.44 k_text=0.99 q_text=0.09 || val acc=0.9067 uni_image=0.6717 uni_text=0.7417 | 29s
[ep 012] train loss=0.2846 acc=0.8933 | rho_image=1.12 rho_text=0.90 | k_image=0.94 q_image=0.48 k_text=1.00 q_text=0.06 || val acc=0.9267 uni_image=0.7433 uni_text=0.7467 | 27s
[ep 013] train loss=0.2788 acc=0.8983 | rho_image=1.12 rho_text=0.90 | k_image=0.94 q_image=0.48 k_text=1.00 q_text=0.06 || val acc=0.9350 uni_image=0.7367 uni_text=0.7450 | 27s
[ep 014] train loss=0.2535 acc=0.9054 | rho_image=1.12 rho_text=0.91 | k_image=0.94 q_image=0.45 k_text=0.99 q_text=0.08 || val acc=0.9317 uni_image=0.7417 uni_text=0.7433 | 27s
best val acc=0.9350 @ epoch 13
