device=cpu  args={'data': 'synthetic', 'train_csv': None, 'val_csv': None, 'test_csv': None, 'img_root': '', 'col_image': 'image', 'col_text': 'text', 'col_label': 'label', 'img_size': 64, 'max_len': 64, 'min_freq': 2, 'max_vocab': 30000, 'num_classes': 6, 'syn_train_n': 2400, 'syn_val_n': 600, 'syn_text_p': 0.7, 'syn_img_p': 0.7, 'syn_img_noise': 1.0, 'syn_synonyms': 1, 'image_encoder': 'smallcnn', 'pretrained_image': False, 'text_encoder': 'transformer', 'hf_model': 'distilbert-base-uncased', 'freeze_hf': False, 'text_dim': 256, 'text_layers': 2, 'head': 'linear', 'only': 'none', 'modulation': 'ogm', 'q_base': 0.5, 'lam': 0.5, 'alpha': 0.5, 'no_ge': False, 'ge_scope': 'all', 'z': 'tanh', 'score_mode': 'auto', 'mod_start': 0, 'mod_end': 1000000000, 'epochs': 15, 'batch_size': 32, 'optimizer': 'sgd', 'lr': 0.01, 'lr_text': None, 'momentum': 0.9, 'weight_decay': 0.0001, 'sched': 'cos', 'lr_step': 30, 'lr_gamma': 0.1, 'grad_clip': None, 'amp': False, 'num_workers': 0, 'seed': 1, 'device': 'auto', 'out_dir': 'runs/sweep_s1_ogm', 'log_interval': 0, 'probe': False, 'eval_every': 1}
classes=6 vocab=400 train_batches=75 val_batches=19
/home/user/DL_project/balanced_mm/bml/models.py:74: UserWarning: enable_nested_tensor is True, but self.use_nested_tensor is False because encoder_layer.norm_first was True
  self.enc = nn.TransformerEncoder(layer, num_layers)
model params: image=241,184 text=1,288,192 head=2,310
[ep 000] train loss=1.6668 acc=0.3342 | rho_image=1.04 rho_text=0.97 | k_image=0.97 q_image=0.00 k_text=0.99 q_text=0.00 || val acc=0.6383 uni_image=0.4933 uni_text=0.4517 | 27s
[ep 001] train loss=0.8432 acc=0.7483 | rho_image=1.70 rho_text=0.60 | k_image=0.71 q_image=0.00 k_text=1.00 q_text=0.00 || val acc=0.7183 uni_image=0.4700 uni_text=0.6933 | 39s
[ep 002] train loss=0.4926 acc=0.8692 | rho_image=1.69 rho_text=0.60 | k_image=0.71 q_image=0.00 k_text=1.00 q_text=0.00 || val acc=0.8067 uni_image=0.5250 uni_text=0.7133 | 43s
[ep 003] train loss=0.3397 acc=0.9062 | rho_image=1.44 rho_text=0.71 | k_image=0.80 q_image=0.00 k_text=1.00 q_text=0.00 || val acc=0.8517 uni_image=0.6800 uni_text=0.7300 | 44s
[ep 004] train loss=0.2091 acc=0.9517 | rho_image=1.26 rho_text=0.81 | k_image=0.87 q_image=0.00 k_text=1.00 q_text=0.00 || val acc=0.5950 uni_image=0.3283 uni_text=0.7400 | 31s
[ep 005] train loss=0.1243 acc=0.9804 | rho_image=1.20 rho_text=0.85 | k_image=0.90 q_image=0.00 k_text=1.00 q_text=0.00 || val acc=0.3967 uni_image=0.1817 uni_text=0.7400 | 27s
[ep 006] train loss=0.0691 acc=0.9950 | rho_image=1.20 rho_text=0.85 | k_image=0.90 q_image=0.00 k_text=1.00 q_text=0.00 || val acc=0.7750 uni_image=0.5367 uni_text=0.7467 | 27s
[ep 007] train loss=0.0342 acc=0.9988 | rho_image=1.21 rho_text=0.84 | k_image=0.90 q_image=0.00 k_text=1.00 q_text=0.00 || val acc=0.8050 uni_image=0.5417 uni_text=0.7483 | 28s
[ep 008] train loss=0.0226 acc=1.0000 | rho_image=1.22 rho_text=0.83 | k_image=0.89 q_image=0.00 k_text=1.00 q_text=0.00 || val acc=0.8850 uni_image=0.7267 uni_text=0.7467 | 28s
[ep 009] train loss=0.0174 acc=1.0000 | rho_image=1.22 rho_text=0.83 | k_image=0.89 q_image=0.00 k_text=1.00 q_text=0.00 || val acc=0.9100 uni_image=0.7100 uni_text=0.7500 | 27s
[ep 010] train loss=0.0145 acc=1.0000 | rho_image=1.23 rho_text=0.83 | k_image=0.89 q_image=0.00 k_text=1.00 q_text=0.00 || val acc=0.9133 uni_image=0.7250 uni_text=0.7500 | 27s
[ep 011] train loss=0.0130 acc=1.0000 | rho_image=1.22 rho_text=0.83 | k_image=0.89 q_image=0.00 k_text=1.00 q_text=0.00 || val acc=0.9183 uni_image=0.7367 uni_text=0.7483 | 29s
[ep 012] train loss=0.0121 acc=1.0000 | rho_image=1.23 rho_text=0.82 | k_image=0.89 q_image=0.00 k_text=1.00 q_text=0.00 || val acc=0.9183 uni_image=0.7283 uni_text=0.7500 | 28s
[ep 013] train loss=0.0119 acc=1.0000 | rho_image=1.22 rho_text=0.83 | k_image=0.89 q_image=0.00 k_text=1.00 q_text=0.00 || val acc=0.9167 uni_image=0.7150 uni_text=0.7500 | 27s
[ep 014] train loss=0.0113 acc=1.0000 | rho_image=1.22 rho_text=0.83 | k_image=0.89 q_image=0.00 k_text=1.00 q_text=0.00 || val acc=0.9167 uni_image=0.7133 uni_text=0.7500 | 28s
best val acc=0.9183 @ epoch 11
