device=cpu  args={'data': 'synthetic', 'train_csv': None, 'val_csv': None, 'test_csv': None, 'img_root': '', 'col_image': 'image', 'col_text': 'text', 'col_label': 'label', 'img_size': 64, 'max_len': 64, 'min_freq': 2, 'max_vocab': 30000, 'num_classes': 6, 'syn_train_n': 2400, 'syn_val_n': 600, 'syn_text_p': 0.7, 'syn_img_p': 0.7, 'syn_img_noise': 1.0, 'image_encoder': 'smallcnn', 'pretrained_image': False, 'text_encoder': 'transformer', 'hf_model': 'distilbert-base-uncased', 'freeze_hf': False, 'text_dim': 256, 'text_layers': 2, 'head': 'linear', 'only': 'none', 'modulation': 'ogm', 'q_base': 0.5, 'lam': 0.5, 'alpha': 0.5, 'no_ge': False, 'ge_scope': 'all', 'z': 'tanh', 'score_mode': 'auto', 'mod_start': 0, 'mod_end': 1000000000, 'epochs': 15, 'batch_size': 32, 'optimizer': 'sgd', 'lr': 0.01, 'lr_text': None, 'momentum': 0.9, 'weight_decay': 0.0001, 'sched': 'cos', 'lr_step': 30, 'lr_gamma': 0.1, 'grad_clip': None, 'amp': False, 'num_workers': 0, 'seed': 0, 'device': 'auto', 'out_dir': 'runs/syn_ogm', 'log_interval': 0, 'probe': False, 'eval_every': 1}
classes=6 vocab=400 train_batches=75 val_batches=19
/home/user/balanced_mm/bml/models.py:74: UserWarning: enable_nested_tensor is True, but self.use_nested_tensor is False because encoder_layer.norm_first was True
  self.enc = nn.TransformerEncoder(layer, num_layers)
model params: image=241,184 text=1,288,192 head=2,310
[ep 000] train loss=1.6237 acc=0.3600 | rho_image=1.05 rho_text=0.96 | k_image=0.96 q_image=0.00 k_text=0.99 q_text=0.00 || val acc=0.6333 uni_image=0.4183 uni_text=0.5817 | 35s
[ep 001] train loss=0.8205 acc=0.7696 | rho_image=1.77 rho_text=0.58 | k_image=0.69 q_image=0.00 k_text=1.00 q_text=0.00 || val acc=0.8400 uni_image=0.7017 uni_text=0.6717 | 35s
[ep 002] train loss=0.4996 acc=0.8704 | rho_image=1.80 rho_text=0.56 | k_image=0.68 q_image=0.00 k_text=1.00 q_text=0.00 || val acc=0.8467 uni_image=0.6883 uni_text=0.6967 | 31s
[ep 003] train loss=0.3552 acc=0.9079 | rho_image=1.52 rho_text=0.67 | k_image=0.77 q_image=0.00 k_text=1.00 q_text=0.00 || val acc=0.7517 uni_image=0.6483 uni_text=0.6950 | 31s
[ep 004] train loss=0.2307 acc=0.9425 | rho_image=1.33 rho_text=0.77 | k_image=0.85 q_image=0.00 k_text=1.00 q_text=0.00 || val acc=0.8417 uni_image=0.6500 uni_text=0.7283 | 31s
[ep 005] train loss=0.1372 acc=0.9742 | rho_image=1.24 rho_text=0.82 | k_image=0.88 q_image=0.00 k_text=1.00 q_text=0.00 || val acc=0.6867 uni_image=0.4267 uni_text=0.7283 | 30s
[ep 006] train loss=0.0722 acc=0.9938 | rho_image=1.23 rho_text=0.82 | k_image=0.89 q_image=0.00 k_text=1.00 q_text=0.00 || val acc=0.4583 uni_image=0.2767 uni_text=0.7317 | 30s
[ep 007] train loss=0.0386 acc=0.9996 | rho_image=1.23 rho_text=0.82 | k_image=0.89 q_image=0.00 k_text=1.00 q_text=0.00 || val acc=0.8817 uni_image=0.6983 uni_text=0.7300 | 31s
[ep 008] train loss=0.0218 acc=1.0000 | rho_image=1.25 rho_text=0.82 | k_image=0.88 q_image=0.00 k_text=1.00 q_text=0.00 || val acc=0.8517 uni_image=0.6800 uni_text=0.7317 | 31s
[ep 009] train loss=0.0158 acc=1.0000 | rho_image=1.25 rho_text=0.81 | k_image=0.88 q_image=0.00 k_text=1.00 q_text=0.00 || val acc=0.8783 uni_image=0.6967 uni_text=0.7283 | 31s
[ep 010] train loss=0.0141 acc=1.0000 | rho_image=1.25 rho_text=0.81 | k_image=0.88 q_image=0.00 k_text=1.00 q_text=0.00 || val acc=0.8467 uni_image=0.6767 uni_text=0.7283 | 30s
[ep 011] train loss=0.0131 acc=1.0000 | rho_image=1.25 rho_text=0.81 | k_image=0.88 q_image=0.00 k_text=1.00 q_text=0.00 || val acc=0.8850 uni_image=0.7167 uni_text=0.7283 | 30s
[ep 012] train loss=0.0126 acc=1.0000 | rho_image=1.24 rho_text=0.82 | k_image=0.88 q_image=0.00 k_text=1.00 q_text=0.00 || val acc=0.8867 uni_image=0.7133 uni_text=0.7283 | 30s
[ep 013] train loss=0.0110 acc=1.0000 | rho_image=1.25 rho_text=0.81 | k_image=0.88 q_image=0.00 k_text=1.00 q_text=0.00 || val acc=0.8983 uni_image=0.7167 uni_text=0.7283 | 30s
[ep 014] train loss=0.0116 acc=1.0000 | rho_image=1.24 rho_text=0.81 | k_image=0.88 q_image=0.00 k_text=1.00 q_text=0.00 || val acc=0.8933 uni_image=0.7200 uni_text=0.7283 | 23s
best val acc=0.8983 @ epoch 13
